Archive member included to satisfy reference by file (symbol)

C:/ST/STM32CubeIDE_1.16.0/STM32CubeIDE/plugins/com.st.stm32cube.ide.mcu.externaltools.gnu-tools-for-stm32.12.3.rel1.win32_1.0.200.202406191623/tools/bin/../lib/gcc/arm-none-eabi/12.3.1/../../../../arm-none-eabi/lib/thumb/v7-m/nofp\libc_nano.a(libc_a-exit.o)
                              C:/ST/STM32CubeIDE_1.16.0/STM32CubeIDE/plugins/com.st.stm32cube.ide.mcu.externaltools.gnu-tools-for-stm32.12.3.rel1.win32_1.0.200.202406191623/tools/bin/../lib/gcc/arm-none-eabi/12.3.1/../../../../arm-none-eabi/lib/thumb/v7-m/nofp/crt0.o (exit)
C:/ST/STM32CubeIDE_1.16.0/STM32CubeIDE/plugins/com.st.stm32cube.ide.mcu.externaltools.gnu-tools-for-stm32.12.3.rel1.win32_1.0.200.202406191623/tools/bin/../lib/gcc/arm-none-eabi/12.3.1/../../../../arm-none-eabi/lib/thumb/v7-m/nofp\libc_nano.a(libc_a-findfp.o)
                              C:/ST/STM32CubeIDE_1.16.0/STM32CubeIDE/plugins/com.st.stm32cube.ide.mcu.externaltools.gnu-tools-for-stm32.12.3.rel1.win32_1.0.200.202406191623/tools/bin/../lib/gcc/arm-none-eabi/12.3.1/../../../../arm-none-eabi/lib/thumb/v7-m/nofp\libc_nano.a(libc_a-exit.o) (__stdio_exit_handler)
C:/ST/STM32CubeIDE_1.16.0/STM32CubeIDE/plugins/com.st.stm32cube.ide.mcu.externaltools.gnu-tools-for-stm32.12.3.rel1.win32_1.0.200.202406191623/tools/bin/../lib/gcc/arm-none-eabi/12.3.1/../../../../arm-none-eabi/lib/thumb/v7-m/nofp\libc_nano.a(libc_a-fwalk.o)
                              C:/ST/STM32CubeIDE_1.16.0/STM32CubeIDE/plugins/com.st.stm32cube.ide.mcu.externaltools.gnu-tools-for-stm32.12.3.rel1.win32_1.0.200.202406191623/tools/bin/../lib/gcc/arm-none-eabi/12.3.1/../../../../arm-none-eabi/lib/thumb/v7-m/nofp\libc_nano.a(libc_a-findfp.o) (_fwalk_sglue)
C:/ST/STM32CubeIDE_1.16.0/STM32CubeIDE/plugins/com.st.stm32cube.ide.mcu.externaltools.gnu-tools-for-stm32.12.3.rel1.win32_1.0.200.202406191623/tools/bin/../lib/gcc/arm-none-eabi/12.3.1/../../../../arm-none-eabi/lib/thumb/v7-m/nofp\libc_nano.a(libc_a-stdio.o)
                              C:/ST/STM32CubeIDE_1.16.0/STM32CubeIDE/plugins/com.st.stm32cube.ide.mcu.externaltools.gnu-tools-for-stm32.12.3.rel1.win32_1.0.200.202406191623/tools/bin/../lib/gcc/arm-none-eabi/12.3.1/../../../../arm-none-eabi/lib/thumb/v7-m/nofp\libc_nano.a(libc_a-findfp.o) (__sread)
C:/ST/STM32CubeIDE_1.16.0/STM32CubeIDE/plugins/com.st.stm32cube.ide.mcu.externaltools.gnu-tools-for-stm32.12.3.rel1.win32_1.0.200.202406191623/tools/bin/../lib/gcc/arm-none-eabi/12.3.1/../../../../arm-none-eabi/lib/thumb/v7-m/nofp\libc_nano.a(libc_a-memset.o)
                              C:/ST/STM32CubeIDE_1.16.0/STM32CubeIDE/plugins/com.st.stm32cube.ide.mcu.externaltools.gnu-tools-for-stm32.12.3.rel1.win32_1.0.200.202406191623/tools/bin/../lib/gcc/arm-none-eabi/12.3.1/../../../../arm-none-eabi/lib/thumb/v7-m/nofp/crt0.o (memset)
C:/ST/STM32CubeIDE_1.16.0/STM32CubeIDE/plugins/com.st.stm32cube.ide.mcu.externaltools.gnu-tools-for-stm32.12.3.rel1.win32_1.0.200.202406191623/tools/bin/../lib/gcc/arm-none-eabi/12.3.1/../../../../arm-none-eabi/lib/thumb/v7-m/nofp\libc_nano.a(libc_a-closer.o)
                              C:/ST/STM32CubeIDE_1.16.0/STM32CubeIDE/plugins/com.st.stm32cube.ide.mcu.externaltools.gnu-tools-for-stm32.12.3.rel1.win32_1.0.200.202406191623/tools/bin/../lib/gcc/arm-none-eabi/12.3.1/../../../../arm-none-eabi/lib/thumb/v7-m/nofp\libc_nano.a(libc_a-stdio.o) (_close_r)
C:/ST/STM32CubeIDE_1.16.0/STM32CubeIDE/plugins/com.st.stm32cube.ide.mcu.externaltools.gnu-tools-for-stm32.12.3.rel1.win32_1.0.200.202406191623/tools/bin/../lib/gcc/arm-none-eabi/12.3.1/../../../../arm-none-eabi/lib/thumb/v7-m/nofp\libc_nano.a(libc_a-reent.o)
                              C:/ST/STM32CubeIDE_1.16.0/STM32CubeIDE/plugins/com.st.stm32cube.ide.mcu.externaltools.gnu-tools-for-stm32.12.3.rel1.win32_1.0.200.202406191623/tools/bin/../lib/gcc/arm-none-eabi/12.3.1/../../../../arm-none-eabi/lib/thumb/v7-m/nofp\libc_nano.a(libc_a-closer.o) (errno)
C:/ST/STM32CubeIDE_1.16.0/STM32CubeIDE/plugins/com.st.stm32cube.ide.mcu.externaltools.gnu-tools-for-stm32.12.3.rel1.win32_1.0.200.202406191623/tools/bin/../lib/gcc/arm-none-eabi/12.3.1/../../../../arm-none-eabi/lib/thumb/v7-m/nofp\libc_nano.a(libc_a-impure.o)
                              C:/ST/STM32CubeIDE_1.16.0/STM32CubeIDE/plugins/com.st.stm32cube.ide.mcu.externaltools.gnu-tools-for-stm32.12.3.rel1.win32_1.0.200.202406191623/tools/bin/../lib/gcc/arm-none-eabi/12.3.1/../../../../arm-none-eabi/lib/thumb/v7-m/nofp\libc_nano.a(libc_a-reent.o) (_impure_ptr)
C:/ST/STM32CubeIDE_1.16.0/STM32CubeIDE/plugins/com.st.stm32cube.ide.mcu.externaltools.gnu-tools-for-stm32.12.3.rel1.win32_1.0.200.202406191623/tools/bin/../lib/gcc/arm-none-eabi/12.3.1/../../../../arm-none-eabi/lib/thumb/v7-m/nofp\libc_nano.a(libc_a-lseekr.o)
[...]
Memory Configuration

Name             Origin             Length             Attributes
RAM              0x20000000         0x00005000         xrw
FLASH            0x08000000         0x00010000         xr
*default*        0x00000000         0xffffffff

Linker script and memory map

LOAD C:/ST/STM32CubeIDE_1.16.0/STM32CubeIDE/plugins/com.st.stm32cube.ide.mcu.externaltools.gnu-tools-for-stm32.12.3.rel1.win32_1.0.200.202406191623/tools/bin/../lib/gcc/arm-none-eabi/12.3.1/thumb/v7-m/nofp/crti.o
LOAD C:/ST/STM32CubeIDE_1.16.0/STM32CubeIDE/plugins/com.st.stm32cube.ide.mcu.externaltools.gnu-tools-for-stm32.12.3.rel1.win32_1.0.200.202406191623/tools/bin/../lib/gcc/arm-none-eabi/12.3.1/thumb/v7-m/nofp/crtbegin.o
LOAD C:/ST/STM32CubeIDE_1.16.0/STM32CubeIDE/plugins/com.st.stm32cube.ide.mcu.externaltools.gnu-tools-for-stm32.12.3.rel1.win32_1.0.200.202406191623/tools/bin/../lib/gcc/arm-none-eabi/12.3.1/../../../../arm-none-eabi/lib/thumb/v7-m/nofp/crt0.o
LOAD ./HAL/7_SEGMENT.o
LOAD ./HAL/KPD/KPD_prog.o
LOAD ./HAL/KPD/LCD_prog.o
LOAD ./HAL/LED_MATRIX/MATRIX_program.o
LOAD ./HAL/TFT/TFT_program.o
LOAD ./MCAL/EXTI/EXTI_prog.o
LOAD ./MCAL/GPIO/GPIO_program.o
LOAD ./MCAL/INVC/NVIC_prog.o
LOAD ./MCAL/RCC/RCC_program.o
LOAD ./MCAL/SPI/SPI_prog.o
LOAD ./MCAL/SYSTICK/SYS_program.o
LOAD ./MCAL/UART/UART_prog.o
LOAD ./main.o
LOAD ./startup_stm32f103c8tx.o
START GROUP
LOAD C:/ST/STM32CubeIDE_1.16.0/STM32CubeIDE/plugins/com.st.stm32cube.ide.mcu.externaltools.gnu-tools-for-stm32.12.3.rel1.win32_1.0.200.202406191623/tools/bin/../lib/gcc/arm-none-eabi/12.3.1/../../../../arm-none-eabi/lib/thumb/v7-m/nofp\libc_nano.a
LOAD C:/ST/STM32CubeIDE_1.16.0/STM32CubeIDE/plugins/com.st.stm32cube.ide.mcu.externaltools.gnu-tools-for-stm32.12.3.rel1.win32_1.0.200.202406191623/tools/bin/../lib/gcc/arm-none-eabi/12.3.1/../../../../arm-none-eabi/lib/thumb/v7-m/nofp\libm.a
END GROUP
START GROUP
LOAD C:/ST/STM32CubeIDE_1.16.0/STM32CubeIDE/plugins/com.st.stm32cube.ide.mcu.externaltools.gnu-tools-for-stm32.12.3.rel1.win32_1.0.200.202406191623/tools/bin/../lib/gcc/arm-none-eabi/12.3.1/thumb/v7-m/nofp\libgcc.a
LOAD C:/ST/STM32CubeIDE_1.16.0/STM32CubeIDE/plugins/com.st.stm32cube.ide.mcu.externaltools.gnu-tools-for-stm32.12.3.rel1.win32_1.0.200.202406191623/tools/bin/../lib/gcc/arm-none-eabi/12.3.1/../../../../arm-none-eabi/lib/thumb/v7-m/nofp\libc_nano.a
END GROUP
START GROUP
LOAD C:/ST/STM32CubeIDE_1.16.0/STM32CubeIDE/plugins/com.st.stm32cube.ide.mcu.externaltools.gnu-tools-for-stm32.12.3.rel1.win32_1.0.200.202406191623/tools/bin/../lib/gcc/arm-none-eabi/12.3.1/thumb/v7-m/nofp\libgcc.a
LOAD C:/ST/STM32CubeIDE_1.16.0/STM32CubeIDE/plugins/com.st.stm32cube.ide.mcu.externaltools.gnu-tools-for-stm32.12.3.rel1.win32_1.0.200.202406191623/tools/bin/../lib/gcc/arm-none-eabi/12.3.1/../../../../arm-none-eabi/lib/thumb/v7-m/nofp\libc_nano.a
LOAD C:/ST/STM32CubeIDE_1.16.0/STM32CubeIDE/plugins/com.st.stm32cube.ide.mcu.externaltools.gnu-tools-for-stm32.12.3.rel1.win32_1.0.200.202406191623/tools/bin/../lib/gcc/arm-none-eabi/12.3.1/../../../../arm-none-eabi/lib/thumb/v7-m/nofp\libnosys.a
END GROUP
START GROUP
LOAD C:/ST/STM32CubeIDE_1.16.0/STM32CubeIDE/plugins/com.st.stm32cube.ide.mcu.externaltools.gnu-tools-for-stm32.12.3.rel1.win32_1.0.200.202406191623/tools/bin/../lib/gcc/arm-none-eabi/12.3.1/thumb/v7-m/nofp\libgcc.a
LOAD C:/ST/STM32CubeIDE_1.16.0/STM32CubeIDE/plugins/com.st.stm32cube.ide.mcu.externaltools.gnu-tools-for-stm32.12.3.rel1.win32_1.0.200.202406191623/tools/bin/../lib/gcc/arm-none-eabi/12.3.1/../../../../arm-none-eabi/lib/thumb/v7-m/nofp\libc_nano.a
LOAD C:/ST/STM32CubeIDE_1.16.0/STM32CubeIDE/plugins/com.st.stm32cube.ide.mcu.externaltools.gnu-tools-for-stm32.12.3.rel1.win32_1.0.200.202406191623/tools/bin/../lib/gcc/arm-none-eabi/12.3.1/../../../../arm-none-eabi/lib/thumb/v7-m/nofp\libnosys.a
END GROUP
LOAD C:/ST/STM32CubeIDE_1.16.0/STM32CubeIDE/plugins/com.st.stm32cube.ide.mcu.externaltools.gnu-tools-for-stm32.12.3.rel1.win32_1.0.200.202406191623/tools/bin/../lib/gcc/arm-none-eabi/12.3.1/thumb/v7-m/nofp/crtend.o
LOAD C:/ST/STM32CubeIDE_1.16.0/STM32CubeIDE/plugins/com.st.stm32cube.ide.mcu.externaltools.gnu-tools-for-stm32.12.3.rel1.win32_1.0.200.202406191623/tools/bin/../lib/gcc/arm-none-eabi/12.3.1/thumb/v7-m/nofp/crtn.o
                0x20005000                        _estack = (ORIGIN (RAM) + LENGTH (RAM))
                0x00000200                        _Min_Heap_Size = 0x200
                0x00000400                        _Min_Stack_Size = 0x400

.isr_vector     0x08000000      0x130
                0x08000000                        . = ALIGN (0x4)
 *(.isr_vector)
 .isr_vector    0x08000000      0x130 ./startup_stm32f103c8tx.o
                0x08000000                g_pfnVectors
                0x08000130                        . = ALIGN (0x4)

.text           0x08000130      0xbe8
                0x08000130                        . = ALIGN (0x4)
 *(.text)
 .text          0x08000130       0x40 C:/ST/STM32CubeIDE_1.16.0/STM32CubeIDE/plugins/com.st.stm32cube.ide.mcu.externaltools.gnu-tools-for-stm32.12.3.rel1.win32_1.0.200.202406191623/tools/bin/../lib/gcc/arm-none-eabi/12.3.1/thumb/v7-m/nofp/crtbegin.o
 .text          0x08000170      0x21c C:/ST/STM32CubeIDE_1.16.0/STM32CubeIDE/plugins/com.st.stm32cube.ide.mcu.externaltools.gnu-tools-for-stm32.12.3.rel1.win32_1.0.200.202406191623/tools/bin/../lib/gcc/arm-none-eabi/12.3.1/thumb/v7-m/nofp\libgcc.a(_arm_addsubsf3.o)
                0x08000170                __aeabi_frsub
                0x08000178                __subsf3
                0x08000178                __aeabi_fsub
                0x0800017c                __aeabi_fadd
                0x0800017c                __addsf3
                0x080002dc                __aeabi_ui2f
                0x080002dc                __floatunsisf
                0x080002e4                __aeabi_i2f
                0x080002e4                __floatsisf
                0x08000300                __aeabi_ul2f
                0x08000300                __floatundisf
                0x08000310                __aeabi_l2f
                0x08000310                __floatdisf
 .text          0x0800038c      0x2a0 C:/ST/STM32CubeIDE_1.16.0/STM32CubeIDE/plugins/com.st.stm32cube.ide.mcu.externaltools.gnu-tools-for-stm32.12.3.rel1.win32_1.0.200.202406191623/tools/bin/../lib/gcc/arm-none-eabi/12.3.1/thumb/v7-m/nofp\libgcc.a(_arm_muldivsf3.o)
                0x0800038c                __mulsf3
                0x0800038c                __aeabi_fmul
                0x080004f4                __aeabi_fdiv
                0x080004f4                __divsf3
 .text          0x0800062c       0x40 C:/ST/STM32CubeIDE_1.16.0/STM32CubeIDE/plugins/com.st.stm32cube.ide.mcu.externaltools.gnu-tools-for-stm32.12.3.rel1.win32_1.0.200.202406191623/tools/bin/../lib/gcc/arm-none-eabi/12.3.1/thumb/v7-m/nofp\libgcc.a(_arm_fixunssfsi.o)
                0x0800062c                __fixunssfsi
                0x0800062c                __aeabi_f2uiz
 *(.text*)
 .text.TFT_voidInit
                0x0800066c       0x8c ./HAL/TFT/TFT_program.o
                0x0800066c                TFT_voidInit
 .text.voidWriteCommand
                0x080006f8       0x24 ./HAL/TFT/TFT_program.o
 .text.voidWriteData
                0x0800071c       0x24 ./HAL/TFT/TFT_program.o
 .text.EXTI0_IRQHandler
                0x08000740       0x30 ./MCAL/EXTI/EXTI_prog.o
                0x08000740                EXTI0_IRQHandler
 .text.GPIO_voidSetPinDirection
                0x08000770      0x1b0 ./MCAL/GPIO/GPIO_program.o
                0x08000770                GPIO_voidSetPinDirection
 .text.GPIO_voidSetPinValue
                0x08000920       0xc4 ./MCAL/GPIO/GPIO_program.o
                0x08000920                GPIO_voidSetPinValue
 .text.RCC_voidInitSysClock
                0x080009e4       0x34 ./MCAL/RCC/RCC_program.o
                0x080009e4                RCC_voidInitSysClock
 .text.RCC_voidEnableClock
                0x08000a18       0x7c ./MCAL/RCC/RCC_program.o
                0x08000a18                RCC_voidEnableClock
 .text.SPI_Init
                0x08000a94       0x70 ./MCAL/SPI/SPI_prog.o
                0x08000a94                SPI_Init
 .text.SPI_Send
                0x08000b04       0x2c ./MCAL/SPI/SPI_prog.o
                0x08000b04                SPI_Send
 .text.STK_voidInit
                0x08000b30       0x30 ./MCAL/SYSTICK/SYS_program.o
                0x08000b30                STK_voidInit
 .text.STK_delay
                0x08000b60       0x78 ./MCAL/SYSTICK/SYS_program.o
                0x08000b60                STK_delay
 .text.SysTick_Handler
                0x08000bd8       0x3c ./MCAL/SYSTICK/SYS_program.o
                0x08000bd8                SysTick_Handler
 .text.main     0x08000c14       0x50 ./main.o
                0x08000c14                main
 .text.Reset_Handler
                0x08000c64       0x50 ./startup_stm32f103c8tx.o
                0x08000c64                Reset_Handler
 .text.Default_Handler
                0x08000cb4        0x2 ./startup_stm32f103c8tx.o
                0x08000cb4                EXTI2_IRQHandler
                0x08000cb4                TIM8_TRG_COM_IRQHandler
                0x08000cb4                TIM8_CC_IRQHandler
                0x08000cb4                DebugMon_Handler
                0x08000cb4                TIM1_CC_IRQHandler
                0x08000cb4                HardFault_Handler
                0x08000cb4                TIM6_IRQHandler
                0x08000cb4                PVD_IRQHandler
                0x08000cb4                SDIO_IRQHandler
                0x08000cb4                PendSV_Handler
                0x08000cb4                NMI_Handler
                0x08000cb4                EXTI3_IRQHandler
                0x08000cb4                USB_HP_CAN_TX_IRQHandler
                0x08000cb4                I2C2_EV_IRQHandler
                0x08000cb4                UsageFault_Handler
                0x08000cb4                ADC1_2_IRQHandler
                0x08000cb4                SPI1_IRQHandler
                0x08000cb4                CAN_SCE_IRQHandler
                0x08000cb4                TAMPER_IRQHandler
                0x08000cb4                TIM8_UP_IRQHandler
                0x08000cb4                DMA2_Channel2_IRQHandler
                0x08000cb4                DMA1_Channel4_IRQHandler
                0x08000cb4                USART3_IRQHandler
                0x08000cb4                RTC_IRQHandler
                0x08000cb4                DMA1_Channel7_IRQHandler
                0x08000cb4                UART5_IRQHandler
                0x08000cb4                ADC3_IRQHandler
                0x08000cb4                TIM4_IRQHandler
                0x08000cb4                CAN_RX1_IRQHandler
                0x08000cb4                DMA2_Channel1_IRQHandler
                0x08000cb4                I2C1_EV_IRQHandler
                0x08000cb4                DMA1_Channel6_IRQHandler
                0x08000cb4                UART4_IRQHandler
                0x08000cb4                TIM3_IRQHandler
                0x08000cb4                RCC_IRQHandler
                0x08000cb4                TIM1_TRG_COM_IRQHandler
                0x08000cb4                DMA1_Channel1_IRQHandler
                0x08000cb4                Default_Handler
                0x08000cb4                EXTI15_10_IRQHandler
                0x08000cb4                TIM7_IRQHandler
                0x08000cb4                TIM5_IRQHandler
                0x08000cb4                EXTI9_5_IRQHandler
                0x08000cb4                SPI2_IRQHandler
                0x08000cb4                USB_LP_CAN_RX0_IRQHandler
                0x08000cb4                MemManage_Handler
                0x08000cb4                SVC_Handler
                0x08000cb4                DMA1_Channel5_IRQHandler
                0x08000cb4                EXTI4_IRQHandler
                0x08000cb4                DMA1_Channel3_IRQHandler
                0x08000cb4                FSMC_IRQHandler
                0x08000cb4                TIM1_UP_IRQHandler
                0x08000cb4                WWDG_IRQHandler
                0x08000cb4                TIM2_IRQHandler
                0x08000cb4                TIM1_BRK_IRQHandler
                0x08000cb4                EXTI1_IRQHandler
                0x08000cb4                RTCAlarm_IRQHandler
                0x08000cb4                DMA2_Channel4_5_IRQHandler
                0x08000cb4                USART2_IRQHandler
                0x08000cb4                I2C2_ER_IRQHandler
                0x08000cb4                DMA1_Channel2_IRQHandler
                0x08000cb4                TIM8_BRK_IRQHandler
                0x08000cb4                FLASH_IRQHandler
                0x08000cb4                BusFault_Handler
                0x08000cb4                USART1_IRQHandler
                0x08000cb4                SPI3_IRQHandler
                0x08000cb4                I2C1_ER_IRQHandler
                0x08000cb4                DMA2_Channel3_IRQHandler
 *fill*         0x08000cb6        0x2 
 .text.__libc_init_array
                0x08000cb8       0x48 C:/ST/STM32CubeIDE_1.16.0/STM32CubeIDE/plugins/com.st.stm32cube.ide.mcu.externaltools.gnu-tools-for-stm32.12.3.rel1.win32_1.0.200.202406191623/tools/bin/../lib/gcc/arm-none-eabi/12.3.1/../../../../arm-none-eabi/lib/thumb/v7-m/nofp\libc_nano.a(libc_a-init.o)
                0x08000cb8                __libc_init_array
 *(.glue_7)
 .glue_7        0x08000d00        0x0 linker stubs
 *(.glue_7t)
 .glue_7t       0x08000d00        0x0 linker stubs
 *(.eh_frame)
 .eh_frame      0x08000d00        0x0 C:/ST/STM32CubeIDE_1.16.0/STM32CubeIDE/plugins/com.st.stm32cube.ide.mcu.externaltools.gnu-tools-for-stm32.12.3.rel1.win32_1.0.200.202406191623/tools/bin/../lib/gcc/arm-none-eabi/12.3.1/thumb/v7-m/nofp/crtbegin.o
 *(.init)
 .init          0x08000d00        0x4 C:/ST/STM32CubeIDE_1.16.0/STM32CubeIDE/plugins/com.st.stm32cube.ide.mcu.externaltools.gnu-tools-for-stm32.12.3.rel1.win32_1.0.200.202406191623/tools/bin/../lib/gcc/arm-none-eabi/12.3.1/thumb/v7-m/nofp/crti.o
                0x08000d00                _init
 .init          0x08000d04        0x8 C:/ST/STM32CubeIDE_1.16.0/STM32CubeIDE/plugins/com.st.stm32cube.ide.mcu.externaltools.gnu-tools-for-stm32.12.3.rel1.win32_1.0.200.202406191623/tools/bin/../lib/gcc/arm-none-eabi/12.3.1/thumb/v7-m/nofp/crtn.o
 *(.fini)
 .fini          0x08000d0c        0x4 C:/ST/STM32CubeIDE_1.16.0/STM32CubeIDE/plugins/com.st.stm32cube.ide.mcu.externaltools.gnu-tools-for-stm32.12.3.rel1.win32_1.0.200.202406191623/tools/bin/../lib/gcc/arm-none-eabi/12.3.1/thumb/v7-m/nofp/crti.o
                0x08000d0c                _fini
 .fini          0x08000d10        0x8 C:/ST/STM32CubeIDE_1.16.0/STM32CubeIDE/plugins/com.st.stm32cube.ide.mcu.externaltools.gnu-tools-for-stm32.12.3.rel1.win32_1.0.200.202406191623/tools/bin/../lib/gcc/arm-none-eabi/12.3.1/thumb/v7-m/nofp/crtn.o
                0x08000d18                        . = ALIGN (0x4)
                0x08000d18                        _etext = .

.vfp11_veneer   0x08000d18        0x0
 .vfp11_veneer  0x08000d18        0x0 linker stubs

.v4_bx          0x08000d18        0x0
 .v4_bx         0x08000d18        0x0 linker stubs

.iplt           0x08000d18        0x0
 .iplt          0x08000d18        0x0 C:/ST/STM32CubeIDE_1.16.0/STM32CubeIDE/plugins/com.st.stm32cube.ide.mcu.externaltools.gnu-tools-for-stm32.12.3.rel1.win32_1.0.200.202406191623/tools/bin/../lib/gcc/arm-none-eabi/12.3.1/thumb/v7-m/nofp/crtbegin.o

.rodata         0x08000d18        0x0
                0x08000d18                        . = ALIGN (0x4)
 *(.rodata)
 *(.rodata*)
                0x08000d18                        . = ALIGN (0x4)

.ARM.extab      0x08000d18        0x0
                0x08000d18                        . = ALIGN (0x4)
 *(.ARM.extab* .gnu.linkonce.armextab.*)
                0x08000d18                        . = ALIGN (0x4)

.ARM            0x08000d18        0x0
                0x08000d18                        . = ALIGN (0x4)
                0x08000d18                        __exidx_start = .
 *(.ARM.exidx*)
                0x08000d18                        __exidx_end = .
                0x08000d18                        . = ALIGN (0x4)

.preinit_array  0x08000d18        0x0
                0x08000d18                        . = ALIGN (0x4)
                0x08000d18                        PROVIDE (__preinit_array_start = .)
 *(.preinit_array*)
                0x08000d18                        PROVIDE (__preinit_array_end = .)
                0x08000d18                        . = ALIGN (0x4)

.init_array     0x08000d18        0x4
                0x08000d18                        . = ALIGN (0x4)
                0x08000d18                        PROVIDE (__init_array_start = .)
 *(SORT_BY_NAME(.init_array.*))
 *(.init_array*)
 .init_array    0x08000d18        0x4 C:/ST/STM32CubeIDE_1.16.0/STM32CubeIDE/plugins/com.st.stm32cube.ide.mcu.externaltools.gnu-tools-for-stm32.12.3.rel1.win32_1.0.200.202406191623/tools/bin/../lib/gcc/arm-none-eabi/12.3.1/thumb/v7-m/nofp/crtbegin.o
                0x08000d1c                        PROVIDE (__init_array_end = .)
                0x08000d1c                        . = ALIGN (0x4)

.fini_array     0x08000d1c        0x4
                0x08000d1c                        . = ALIGN (0x4)
                [!provide]                        PROVIDE (__fini_array_start = .)
 *(SORT_BY_NAME(.fini_array.*))
 *(.fini_array*)
 .fini_array    0x08000d1c        0x4 C:/ST/STM32CubeIDE_1.16.0/STM32CubeIDE/plugins/com.st.stm32cube.ide.mcu.externaltools.gnu-tools-for-stm32.12.3.rel1.win32_1.0.200.202406191623/tools/bin/../lib/gcc/arm-none-eabi/12.3.1/thumb/v7-m/nofp/crtbegin.o
                [!provide]                        PROVIDE (__fini_array_end = .)
                0x08000d20                        . = ALIGN (0x4)
                0x08000d20                        _sidata = LOADADDR (.data)

.rel.dyn        0x08000d20        0x0
 .rel.iplt      0x08000d20        0x0 C:/ST/STM32CubeIDE_1.16.0/STM32CubeIDE/plugins/com.st.stm32cube.ide.mcu.externaltools.gnu-tools-for-stm32.12.3.rel1.win32_1.0.200.202406191623/tools/bin/../lib/gcc/arm-none-eabi/12.3.1/thumb/v7-m/nofp/crtbegin.o

.data           0x20000000        0x0 load address 0x08000d20
                0x20000000                        . = ALIGN (0x4)
                0x20000000                        _sdata = .
 *(.data)
 *(.data*)
 *(.RamFunc)
 *(.RamFunc*)
                0x20000000                        . = ALIGN (0x4)
                0x20000000                        _edata = .

.igot.plt       0x20000000        0x0 load address 0x08000d20
 .igot.plt      0x20000000        0x0 C:/ST/STM32CubeIDE_1.16.0/STM32CubeIDE/plugins/com.st.stm32cube.ide.mcu.externaltools.gnu-tools-for-stm32.12.3.rel1.win32_1.0.200.202406191623/tools/bin/../lib/gcc/arm-none-eabi/12.3.1/thumb/v7-m/nofp/crtbegin.o
                0x20000000                        . = ALIGN (0x4)

.bss            0x20000000       0x64 load address 0x08000d20
                0x20000000                        _sbss = .
                0x20000000                        __bss_start__ = _sbss
 *(.bss)
 .bss           0x20000000       0x1c C:/ST/STM32CubeIDE_1.16.0/STM32CubeIDE/plugins/com.st.stm32cube.ide.mcu.externaltools.gnu-tools-for-stm32.12.3.rel1.win32_1.0.200.202406191623/tools/bin/../lib/gcc/arm-none-eabi/12.3.1/thumb/v7-m/nofp/crtbegin.o
 *(.bss*)
 .bss.EXTI_CallBacks
                0x2000001c       0x40 ./MCAL/EXTI/EXTI_prog.o
 .bss.STK_CallBack
                0x2000005c        0x4 ./MCAL/SYSTICK/SYS_program.o
 .bss.STK_u8ModeOfInterval
                0x20000060        0x1 ./MCAL/SYSTICK/SYS_program.o
                0x20000060                STK_u8ModeOfInterval
 *(COMMON)
                0x20000064                        . = ALIGN (0x4)
 *fill*         0x20000061        0x3 
                0x20000064                        _ebss = .
                0x20000064                        __bss_end__ = _ebss

._user_heap_stack
                0x20000064      0x604 load address 0x08000d20
                0x20000068                        . = ALIGN (0x8)
 *fill*         0x20000064        0x4 
                0x20000068                        PROVIDE (end = .)
                [!provide]                        PROVIDE (_end = .)
                0x20000268                        . = (. + _Min_Heap_Size)
 *fill*         0x20000068      0x200 
                0x20000668                        . = (. + _Min_Stack_Size)
 *fill*         0x20000268      0x400 
                0x20000668                        . = ALIGN (0x8)

/DISCARD/
 libc.a(*)
 libm.a(*)
 libgcc.a(*)

.ARM.attributes
                0x00000000       0x29
 *(.ARM.attributes)
 .ARM.attributes
                0x00000000       0x1d C:/ST/STM32CubeIDE_1.16.0/STM32CubeIDE/plugins/com.st.stm32cube.ide.mcu.externaltools.gnu-tools-for-stm32.12.3.rel1.win32_1.0.200.202406191623/tools/bin/../lib/gcc/arm-none-eabi/12.3.1/thumb/v7-m/nofp/crti.o
 .ARM.attributes
                0x0000001d       0x2d C:/ST/STM32CubeIDE_1.16.0/STM32CubeIDE/plugins/com.st.stm32cube.ide.mcu.externaltools.gnu-tools-for-stm32.12.3.rel1.win32_1.0.200.202406191623/tools/bin/../lib/gcc/arm-none-eabi/12.3.1/thumb/v7-m/nofp/crtbegin.o
 .ARM.attributes
                0x0000004a       0x2d ./HAL/TFT/TFT_program.o
 .ARM.attributes
                0x00000077       0x2d ./MCAL/EXTI/EXTI_prog.o
 .ARM.attributes
                0x000000a4       0x2d ./MCAL/GPIO/GPIO_program.o
 .ARM.attributes
                0x000000d1       0x2d ./MCAL/RCC/RCC_program.o
 .ARM.attributes
                0x000000fe       0x2d ./MCAL/SPI/SPI_prog.o
 .ARM.attributes
                0x0000012b       0x2d ./MCAL/SYSTICK/SYS_program.o
 .ARM.attributes
                0x00000158       0x2d ./main.o
 .ARM.attributes
                0x00000185       0x21 ./startup_stm32f103c8tx.o
 .ARM.attributes
                0x000001a6       0x2d C:/ST/STM32CubeIDE_1.16.0/STM32CubeIDE/plugins/com.st.stm32cube.ide.mcu.externaltools.gnu-tools-for-stm32.12.3.rel1.win32_1.0.200.202406191623/tools/bin/../lib/gcc/arm-none-eabi/12.3.1/../../../../arm-none-eabi/lib/thumb/v7-m/nofp\libc_nano.a(libc_a-init.o)
 .ARM.attributes
                0x000001d3       0x1d C:/ST/STM32CubeIDE_1.16.0/STM32CubeIDE/plugins/com.st.stm32cube.ide.mcu.externaltools.gnu-tools-for-stm32.12.3.rel1.win32_1.0.200.202406191623/tools/bin/../lib/gcc/arm-none-eabi/12.3.1/thumb/v7-m/nofp\libgcc.a(_arm_addsubsf3.o)
 .ARM.attributes
                0x000001f0       0x1d C:/ST/STM32CubeIDE_1.16.0/STM32CubeIDE/plugins/com.st.stm32cube.ide.mcu.externaltools.gnu-tools-for-stm32.12.3.rel1.win32_1.0.200.202406191623/tools/bin/../lib/gcc/arm-none-eabi/12.3.1/thumb/v7-m/nofp\libgcc.a(_arm_muldivsf3.o)
 .ARM.attributes
                0x0000020d       0x1d C:/ST/STM32CubeIDE_1.16.0/STM32CubeIDE/plugins/com.st.stm32cube.ide.mcu.externaltools.gnu-tools-for-stm32.12.3.rel1.win32_1.0.200.202406191623/tools/bin/../lib/gcc/arm-none-eabi/12.3.1/thumb/v7-m/nofp\libgcc.a(_arm_fixunssfsi.o)
 .ARM.attributes
                0x0000022a       0x1d C:/ST/STM32CubeIDE_1.16.0/STM32CubeIDE/plugins/com.st.stm32cube.ide.mcu.externaltools.gnu-tools-for-stm32.12.3.rel1.win32_1.0.200.202406191623/tools/bin/../lib/gcc/arm-none-eabi/12.3.1/thumb/v7-m/nofp/crtn.o
OUTPUT(gpio_drive.elf elf32-littlearm)
LOAD linker stubs
LOAD C:/ST/STM32CubeIDE_1.16.0/STM32CubeIDE/plugins/com.st.stm32cube.ide.mcu.externaltools.gnu-tools-for-stm32.12.3.rel1.win32_1.0.200.202406191623/tools/bin/../lib/gcc/arm-none-eabi/12.3.1/../../../../arm-none-eabi/lib/thumb/v7-m/nofp\libc.a
LOAD C:/ST/STM32CubeIDE_1.16.0/STM32CubeIDE/plugins/com.st.stm32cube.ide.mcu.externaltools.gnu-tools-for-stm32.12.3.rel1.win32_1.0.200.202406191623/tools/bin/../lib/gcc/arm-none-eabi/12.3.1/../../../../arm-none-eabi/lib/thumb/v7-m/nofp\libm.a
LOAD C:/ST/STM32CubeIDE_1.16.0/STM32CubeIDE/plugins/com.st.stm32cube.ide.mcu.externaltools.gnu-tools-for-stm32.12.3.rel1.win32_1.0.200.202406191623/tools/bin/../lib/gcc/arm-none-eabi/12.3.1/thumb/v7-m/nofp\libgcc.a

.debug_info     0x00000000      0xf26
 .debug_info    0x00000000      0x41c ./HAL/TFT/TFT_program.o
 .debug_info    0x0000041c      0x1e0 ./MCAL/EXTI/EXTI_prog.o
 .debug_info    0x000005fc      0x29c ./MCAL/GPIO/GPIO_program.o
 .debug_info    0x00000898      0x116 ./MCAL/RCC/RCC_program.o
 .debug_info    0x000009ae      0x148 ./MCAL/SPI/SPI_prog.o
 .debug_info    0x00000af6      0x2e2 ./MCAL/SYSTICK/SYS_program.o
 .debug_info    0x00000dd8      0x11e ./main.o
 .debug_info    0x00000ef6       0x30 ./startup_stm32f103c8tx.o

.debug_abbrev   0x00000000      0x705
 .debug_abbrev  0x00000000      0x167 ./HAL/TFT/TFT_program.o
 .debug_abbrev  0x00000167      0x10b ./MCAL/EXTI/EXTI_prog.o
 .debug_abbrev  0x00000272       0xea ./MCAL/GPIO/GPIO_program.o
 .debug_abbrev  0x0000035c       0xa3 ./MCAL/RCC/RCC_program.o
 .debug_abbrev  0x000003ff       0xf8 ./MCAL/SPI/SPI_prog.o
 .debug_abbrev  0x000004f7      0x12d ./MCAL/SYSTICK/SYS_program.o
 .debug_abbrev  0x00000624       0xbd ./main.o
 .debug_abbrev  0x000006e1       0x24 ./startup_stm32f103c8tx.o

.debug_aranges  0x00000000      0x1e8
 .debug_aranges
                0x00000000       0x60 ./HAL/TFT/TFT_program.o
 .debug_aranges
                0x00000060       0x28 ./MCAL/EXTI/EXTI_prog.o
 .debug_aranges
                0x00000088       0x58 ./MCAL/GPIO/GPIO_program.o
 .debug_aranges
                0x000000e0       0x38 ./MCAL/RCC/RCC_program.o
 .debug_aranges
                0x00000118       0x30 ./MCAL/SPI/SPI_prog.o
 .debug_aranges
                0x00000148       0x58 ./MCAL/SYSTICK/SYS_program.o
 .debug_aranges
                0x000001a0       0x20 ./main.o
 .debug_aranges
                0x000001c0       0x28 ./startup_stm32f103c8tx.o

.debug_rnglists
                0x00000000      0x155
 .debug_rnglists
                0x00000000       0x49 ./HAL/TFT/TFT_program.o
 .debug_rnglists
                0x00000049       0x1a ./MCAL/EXTI/EXTI_prog.o
 .debug_rnglists
                0x00000063       0x42 ./MCAL/GPIO/GPIO_program.o
 .debug_rnglists
                0x000000a5       0x26 ./MCAL/RCC/RCC_program.o
 .debug_rnglists
                0x000000cb       0x1f ./MCAL/SPI/SPI_prog.o
 .debug_rnglists
                0x000000ea       0x3f ./MCAL/SYSTICK/SYS_program.o
 .debug_rnglists
                0x00000129       0x13 ./main.o
 .debug_rnglists
                0x0000013c       0x19 ./startup_stm32f103c8tx.o

.debug_macro    0x00000000      0x6ea
 .debug_macro   0x00000000       0xb5 ./HAL/TFT/TFT_program.o
 .debug_macro   0x000000b5       0x64 ./HAL/TFT/TFT_program.o
 .debug_macro   0x00000119       0x58 ./HAL/TFT/TFT_program.o
 .debug_macro   0x00000171       0x1c ./HAL/TFT/TFT_program.o
 .debug_macro   0x0000018d       0x6a ./HAL/TFT/TFT_program.o
 .debug_macro   0x000001f7       0x46 ./MCAL/EXTI/EXTI_prog.o
 .debug_macro   0x0000023d       0x22 ./MCAL/EXTI/EXTI_prog.o
 .debug_macro   0x0000025f       0x88 ./MCAL/EXTI/EXTI_prog.o
 .debug_macro   0x000002e7       0x46 ./MCAL/GPIO/GPIO_program.o
 .debug_macro   0x0000032d       0x45 ./MCAL/RCC/RCC_program.o
 .debug_macro   0x00000372       0xf4 ./MCAL/RCC/RCC_program.o
 .debug_macro   0x00000466       0x10 ./MCAL/RCC/RCC_program.o
 .debug_macro   0x00000476       0x9a ./MCAL/RCC/RCC_program.o
 .debug_macro   0x00000510       0x6a ./MCAL/SPI/SPI_prog.o
 .debug_macro   0x0000057a       0x74 ./MCAL/SYSTICK/SYS_program.o
 .debug_macro   0x000005ee       0xfc ./main.o

.debug_line     0x00000000     0x13ab
 .debug_line    0x00000000      0x486 ./HAL/TFT/TFT_program.o
 .debug_line    0x00000486      0x11f ./MCAL/EXTI/EXTI_prog.o
 .debug_line    0x000005a5      0x41d ./MCAL/GPIO/GPIO_program.o
 .debug_line    0x000009c2      0x183 ./MCAL/RCC/RCC_program.o
 .debug_line    0x00000b45      0x1cf ./MCAL/SPI/SPI_prog.o
 .debug_line    0x00000d14      0x2f4 ./MCAL/SYSTICK/SYS_program.o
 .debug_line    0x00001008      0x32c ./main.o
 .debug_line    0x00001334       0x77 ./startup_stm32f103c8tx.o

.debug_str      0x00000000     0x45f9
 .debug_str     0x00000000     0x3b38 ./HAL/TFT/TFT_program.o
                               0x3bb5 (size before relaxing)
 .debug_str     0x00003b38      0x2ca ./MCAL/EXTI/EXTI_prog.o
                               0x316d (size before relaxing)
 .debug_str     0x00003e02      0x10c ./MCAL/GPIO/GPIO_program.o
                               0x369e (size before relaxing)
 .debug_str     0x00003f0e      0x515 ./MCAL/RCC/RCC_program.o
                               0x33ab (size before relaxing)
 .debug_str     0x00004423       0x51 ./MCAL/SPI/SPI_prog.o
                               0x37ff (size before relaxing)
 .debug_str     0x00004474      0x135 ./MCAL/SYSTICK/SYS_program.o
                               0x35a5 (size before relaxing)
 .debug_str     0x000045a9       0x19 ./main.o
                               0x3f89 (size before relaxing)
 .debug_str     0x000045c2       0x37 ./startup_stm32f103c8tx.o
                                 0x58 (size before relaxing)

.comment        0x00000000       0x43
 .comment       0x00000000       0x43 ./HAL/TFT/TFT_program.o
                                 0x44 (size before relaxing)
 .comment       0x00000043       0x44 ./MCAL/EXTI/EXTI_prog.o
 .comment       0x00000043       0x44 ./MCAL/GPIO/GPIO_program.o
 .comment       0x00000043       0x44 ./MCAL/RCC/RCC_program.o
 .comment       0x00000043       0x44 ./MCAL/SPI/SPI_prog.o
 .comment       0x00000043       0x44 ./MCAL/SYSTICK/SYS_program.o
 .comment       0x00000043       0x44 ./main.o

.debug_frame    0x00000000      0x638
 .debug_frame   0x00000000      0x150 ./HAL/TFT/TFT_program.o
 .debug_frame   0x00000150       0x5c ./MCAL/EXTI/EXTI_prog.o
 .debug_frame   0x000001ac      0x148 ./MCAL/GPIO/GPIO_program.o
 .debug_frame   0x000002f4       0xa8 ./MCAL/RCC/RCC_program.o
 .debug_frame   0x0000039c       0x74 ./MCAL/SPI/SPI_prog.o
 .debug_frame   0x00000410      0x128 ./MCAL/SYSTICK/SYS_program.o
 .debug_frame   0x00000538       0x2c ./main.o
 .debug_frame   0x00000564       0x2c C:/ST/STM32CubeIDE_1.16.0/STM32CubeIDE/plugins/com.st.stm32cube.ide.mcu.externaltools.gnu-tools-for-stm32.12.3.rel1.win32_1.0.200.202406191623/tools/bin/../lib/gcc/arm-none-eabi/12.3.1/../../../../arm-none-eabi/lib/thumb/v7-m/nofp\libc_nano.a(libc_a-init.o)
 .debug_frame   0x00000590       0x4c C:/ST/STM32CubeIDE_1.16.0/STM32CubeIDE/plugins/com.st.stm32cube.ide.mcu.externaltools.gnu-tools-for-stm32.12.3.rel1.win32_1.0.200.202406191623/tools/bin/../lib/gcc/arm-none-eabi/12.3.1/thumb/v7-m/nofp\libgcc.a(_arm_addsubsf3.o)
 .debug_frame   0x000005dc       0x38 C:/ST/STM32CubeIDE_1.16.0/STM32CubeIDE/plugins/com.st.stm32cube.ide.mcu.externaltools.gnu-tools-for-stm32.12.3.rel1.win32_1.0.200.202406191623/tools/bin/../lib/gcc/arm-none-eabi/12.3.1/thumb/v7-m/nofp\libgcc.a(_arm_muldivsf3.o)
 .debug_frame   0x00000614       0x24 C:/ST/STM32CubeIDE_1.16.0/STM32CubeIDE/plugins/com.st.stm32cube.ide.mcu.externaltools.gnu-tools-for-stm32.12.3.rel1.win32_1.0.200.202406191623/tools/bin/../lib/gcc/arm-none-eabi/12.3.1/thumb/v7-m/nofp\libgcc.a(_arm_fixunssfsi.o)

.debug_line_str
                0x00000000       0x3c
 .debug_line_str
                0x00000000       0x3c ./startup_stm32f103c8tx.o
